// Jest Snapshot v1, https://goo.gl/fbAQLP

exports[`App component should render all field 1`] = `
<body>
  <div>
    <div
      class="Toastify"
    />
    <div
      class="app"
    >
      <header
        class="header"
      >
        Header
      </header>
      <div
        class="main-navbar-container"
      >
        <div
          class="navbar-item-container"
        >
          <a
            aria-current="page"
            class="active-link"
            href="/login"
          >
            <span
              class="navbar-link-text"
            >
              LOGIN
            </span>
          </a>
        </div>
      </div>
      <div
        class="main-content-container"
      >
        <div
          class="form-container"
        >
          <form>
            <div
              class="login"
            >
              <div
                class="login-body-item"
              >
                <div
                  class="form-control"
                >
                  <label
                    class="input-label"
                    for="email"
                  >
                    Email
                  </label>
                  <input
                    class="input"
                    id="email"
                    name="email"
                    placeholder="Email"
                    type="text"
                    value=""
                  />
                </div>
                <div
                  class="form-control"
                >
                  <label
                    class="input-label"
                    for="password"
                  >
                    password
                  </label>
                  <input
                    class="input"
                    id="password"
                    name="password"
                    placeholder="Password"
                    type="password"
                    value=""
                  />
                </div>
                <div
                  class="checkbox"
                >
                  <input
                    class="checkbox-input"
                    id="rememberMe"
                    name="rememberMe"
                    type="checkbox"
                  />
                  <label
                    class="checkbox-label"
                    for="rememberMe"
                  >
                    <span
                      class="checkbox-text"
                    >
                      Remember me?
                    </span>
                  </label>
                </div>
                <button
                  class="btn-primary mod"
                  type="submit"
                >
                  Вход
                </button>
              </div>
            </div>
          </form>
        </div>
      </div>
    </div>
  </div>
</body>
`;
